[ 2026-03-01 19:17:20,001 ] INFO - Cleaning scraped data...
[ 2026-03-01 19:17:20,053 ] INFO - Scraped data cleaned and merged into training data.
[ 2026-03-01 19:17:21,006 ] INFO - Training started
[ 2026-03-01 19:17:21,007 ] INFO - === PIPELINE RUN STARTED ===
[ 2026-03-01 19:17:21,007 ] INFO - === ENTERING Data Ingestion Component ===
[ 2026-03-01 19:17:21,008 ] INFO - [FOUND CSV] C:\Desktop\ECommmerce Churn\notebook\Ecommerce_data_cleaned.csv
[ 2026-03-01 19:17:21,027 ] INFO - Loaded dataset \u2192 Shape: (5630, 19)
[ 2026-03-01 19:17:21,065 ] INFO - Saved RAW data \u2192 artifacts\data.csv
[ 2026-03-01 19:17:21,107 ] INFO - TRAIN data saved \u2192 artifacts\train.csv
[ 2026-03-01 19:17:21,107 ] INFO - TEST data saved \u2192 artifacts\testpy.csv
[ 2026-03-01 19:17:21,108 ] INFO - === DATA INGESTION COMPLETED ===
[ 2026-03-01 19:17:21,108 ] INFO -  Data Ingestion Done
[ 2026-03-01 19:17:21,135 ] INFO - Read train and test data completed
[ 2026-03-01 19:17:21,135 ] INFO - Categorical columns: ['PreferredLoginDevice', 'PreferredPaymentMode', 'Gender', 'PreferedOrderCat', 'MaritalStatus']
[ 2026-03-01 19:17:21,135 ] INFO - Numerical columns: ['Tenure', 'CityTier', 'WarehouseToHome', 'HourSpendOnApp', 'NumberOfDeviceRegistered', 'SatisfactionScore', 'NumberOfAddress', 'Complain', 'OrderAmountHikeFromlastYear', 'CouponUsed', 'OrderCount', 'DaySinceLastOrder', 'CashbackAmount']
[ 2026-03-01 19:17:21,136 ] INFO - Fitting and transforming training features
[ 2026-03-01 19:17:21,156 ] INFO -  Data Transformation Done
[ 2026-03-01 19:17:21,156 ] INFO - Split training and test input data
[ 2026-03-01 19:17:21,156 ] WARNING - evaluate_models failed or not available, fallback to basic fit/eval: name 'evaluate_models' is not defined
[ 2026-03-01 19:17:28,208 ] INFO - Best model: XGBClassifier with score: 0.9875666074600356
[ 2026-03-01 19:17:28,208 ] INFO - Fitting best model on full training data before saving
[ 2026-03-01 19:17:28,277 ] INFO - Saved trained model at: artifacts\model.pkl
[ 2026-03-01 19:17:28,280 ] INFO - Best model test accuracy: 0.9875666074600356
[ 2026-03-01 19:17:28,282 ] INFO - Model Training Completed \u2192 Result: 0.9875666074600356
[ 2026-03-01 19:17:28,282 ] INFO - === FULL PIPELINE SUCCESS ===
[ 2026-03-01 19:17:28,283 ] INFO - Training completed
[ 2026-03-01 19:17:28,284 ] INFO - PredictPipeline initialized
[ 2026-03-01 19:17:28,284 ] INFO - Prediction pipeline ready
[ 2026-03-01 19:17:28,293 ] INFO - MLflow logging completed
