[ 2026-03-01 19:20:57,832 ] INFO - Cleaning scraped data...
[ 2026-03-01 19:20:57,880 ] INFO - Scraped data cleaned and merged into training data.
[ 2026-03-01 19:20:58,946 ] INFO - Training started
[ 2026-03-01 19:20:58,946 ] INFO - === PIPELINE RUN STARTED ===
[ 2026-03-01 19:20:58,946 ] INFO - === ENTERING Data Ingestion Component ===
[ 2026-03-01 19:20:58,946 ] INFO - [FOUND CSV] C:\Desktop\ECommmerce Churn\notebook\Ecommerce_data_cleaned.csv
[ 2026-03-01 19:20:58,958 ] INFO - Loaded dataset \u2192 Shape: (5630, 19)
[ 2026-03-01 19:20:58,992 ] INFO - Saved RAW data \u2192 artifacts\data.csv
[ 2026-03-01 19:20:59,035 ] INFO - TRAIN data saved \u2192 artifacts\train.csv
[ 2026-03-01 19:20:59,035 ] INFO - TEST data saved \u2192 artifacts\testpy.csv
[ 2026-03-01 19:20:59,035 ] INFO - === DATA INGESTION COMPLETED ===
[ 2026-03-01 19:20:59,035 ] INFO -  Data Ingestion Done
[ 2026-03-01 19:20:59,062 ] INFO - Read train and test data completed
[ 2026-03-01 19:20:59,062 ] INFO - Categorical columns: ['PreferredLoginDevice', 'PreferredPaymentMode', 'Gender', 'PreferedOrderCat', 'MaritalStatus']
[ 2026-03-01 19:20:59,062 ] INFO - Numerical columns: ['Tenure', 'CityTier', 'WarehouseToHome', 'HourSpendOnApp', 'NumberOfDeviceRegistered', 'SatisfactionScore', 'NumberOfAddress', 'Complain', 'OrderAmountHikeFromlastYear', 'CouponUsed', 'OrderCount', 'DaySinceLastOrder', 'CashbackAmount']
[ 2026-03-01 19:20:59,064 ] INFO - Fitting and transforming training features
[ 2026-03-01 19:20:59,085 ] INFO -  Data Transformation Done
[ 2026-03-01 19:20:59,085 ] INFO - Split training and test input data
[ 2026-03-01 19:20:59,086 ] WARNING - evaluate_models failed or not available, fallback to basic fit/eval: name 'evaluate_models' is not defined
[ 2026-03-01 19:21:05,805 ] INFO - Best model: XGBClassifier with score: 0.9875666074600356
[ 2026-03-01 19:21:05,805 ] INFO - Fitting best model on full training data before saving
[ 2026-03-01 19:21:05,921 ] INFO - Saved trained model at: artifacts\model.pkl
[ 2026-03-01 19:21:05,923 ] INFO - Best model test accuracy: 0.9875666074600356
[ 2026-03-01 19:21:05,928 ] INFO - Model Training Completed \u2192 Result: 0.9875666074600356
[ 2026-03-01 19:21:05,928 ] INFO - === FULL PIPELINE SUCCESS ===
[ 2026-03-01 19:21:05,928 ] INFO - Training completed
[ 2026-03-01 19:21:05,928 ] INFO - PredictPipeline initialized
[ 2026-03-01 19:21:05,928 ] INFO - Prediction pipeline ready
[ 2026-03-01 19:21:05,940 ] INFO - MLflow logging completed
