[ 2025-12-17 21:01:29,617 ] INFO - === PIPELINE RUN STARTED ===
[ 2025-12-17 21:01:29,617 ] INFO - === ENTERING Data Ingestion Component ===
[ 2025-12-17 21:01:29,617 ] INFO - [FOUND CSV] C:\Desktop\ECommmerce Churn\notebook\Ecommerce_data_cleaned.csv
[ 2025-12-17 21:01:29,626 ] INFO - Loaded dataset \u2192 Shape: (5630, 19)
[ 2025-12-17 21:01:29,660 ] INFO - Saved RAW data \u2192 artifacts\data.csv
[ 2025-12-17 21:01:29,698 ] INFO - TRAIN data saved \u2192 artifacts\train.csv
[ 2025-12-17 21:01:29,699 ] INFO - TEST data saved \u2192 artifacts\testpy.csv
[ 2025-12-17 21:01:29,699 ] INFO - === DATA INGESTION COMPLETED ===
[ 2025-12-17 21:01:29,699 ] INFO -  Data Ingestion Done
[ 2025-12-17 21:01:29,728 ] INFO - Read train and test data completed
[ 2025-12-17 21:01:29,728 ] INFO - Categorical columns: ['PreferredLoginDevice', 'PreferredPaymentMode', 'Gender', 'PreferedOrderCat', 'MaritalStatus']
[ 2025-12-17 21:01:29,728 ] INFO - Numerical columns: ['Tenure', 'CityTier', 'WarehouseToHome', 'HourSpendOnApp', 'NumberOfDeviceRegistered', 'SatisfactionScore', 'NumberOfAddress', 'Complain', 'OrderAmountHikeFromlastYear', 'CouponUsed', 'OrderCount', 'DaySinceLastOrder', 'CashbackAmount']
[ 2025-12-17 21:01:29,729 ] INFO - Fitting and transforming training features
[ 2025-12-17 21:01:29,747 ] INFO -  Data Transformation Done
[ 2025-12-17 21:01:29,747 ] INFO - Split training and test input data
[ 2025-12-17 21:01:29,747 ] WARNING - evaluate_models failed or not available, fallback to basic fit/eval: name 'evaluate_models' is not defined
[ 2025-12-17 21:01:34,665 ] INFO - Best model: XGBClassifier with score: 0.9875666074600356
[ 2025-12-17 21:01:34,665 ] INFO - Fitting best model on full training data before saving
[ 2025-12-17 21:01:34,720 ] INFO - Saved trained model at: artifacts\model.pkl
[ 2025-12-17 21:01:34,722 ] INFO - Best model test accuracy: 0.9875666074600356
[ 2025-12-17 21:01:34,725 ] INFO - Model Training Completed \u2192 Result: 0.9875666074600356
[ 2025-12-17 21:01:34,725 ] INFO - === FULL PIPELINE SUCCESS ===
