[ 2025-11-22 23:29:56,131 ] INFO - === PIPELINE RUN STARTED ===
[ 2025-11-22 23:29:56,132 ] INFO - === ENTERING Data Ingestion Component ===
[ 2025-11-22 23:29:56,132 ] INFO - [FOUND CSV] C:\Desktop\ECommmerce Churn\notebook\Ecommerce_data_cleaned.csv
[ 2025-11-22 23:29:56,147 ] INFO - Loaded dataset \u2192 Shape: (5630, 19)
[ 2025-11-22 23:29:56,193 ] INFO - Saved RAW data \u2192 artifacts\data.csv
[ 2025-11-22 23:29:56,270 ] INFO - TRAIN data saved \u2192 artifacts\train.csv
[ 2025-11-22 23:29:56,270 ] INFO - TEST data saved \u2192 artifacts\test.csv
[ 2025-11-22 23:29:56,270 ] INFO - === DATA INGESTION COMPLETED ===
[ 2025-11-22 23:29:56,273 ] INFO - STEP 1 \u2192 Data Ingestion Done
[ 2025-11-22 23:29:56,337 ] INFO - Read train and test data completed
[ 2025-11-22 23:29:56,337 ] INFO - Categorical columns: ['PreferredLoginDevice', 'PreferredPaymentMode', 'Gender', 'PreferedOrderCat', 'MaritalStatus']
[ 2025-11-22 23:29:56,337 ] INFO - Numerical columns: ['Tenure', 'CityTier', 'WarehouseToHome', 'HourSpendOnApp', 'NumberOfDeviceRegistered', 'SatisfactionScore', 'NumberOfAddress', 'Complain', 'OrderAmountHikeFromlastYear', 'CouponUsed', 'OrderCount', 'DaySinceLastOrder', 'CashbackAmount']
[ 2025-11-22 23:29:56,341 ] INFO - Fitting and transforming training features
[ 2025-11-22 23:29:56,364 ] INFO - STEP 2 \u2192 Data Transformation Done
[ 2025-11-22 23:29:56,364 ] INFO - Split training and test input data
[ 2025-11-22 23:29:56,367 ] WARNING - evaluate_models failed or not available, fallback to basic fit/eval: name 'evaluate_models' is not defined
[ 2025-11-22 23:30:09,755 ] INFO - Best model: XGBClassifier with score: 0.9875666074600356
[ 2025-11-22 23:30:09,756 ] INFO - Fitting best model on full training data before saving
[ 2025-11-22 23:30:09,987 ] INFO - Saved trained model at: artifacts\model.pkl
[ 2025-11-22 23:30:09,994 ] INFO - Best model test accuracy: 0.9875666074600356
[ 2025-11-22 23:30:10,003 ] INFO - STEP 3 \u2192 Model Training Completed \u2192 Result: 0.9875666074600356
[ 2025-11-22 23:30:10,003 ] INFO - === FULL PIPELINE SUCCESS ===
